// Jest Snapshot v1, https://goo.gl/fbAQLP

exports[`Landing renders correctly 1`] = `
<div
  css={
    Object {
      "@media(max-width: 600px)": Object {
        "minHeight": "750px",
      },
      "background": "url(test-file-stub) no-repeat center center",
      "backgroundSize": "cover",
      "width": "100%",
    }
  }
>
  <Header
    menuItems={
      Array [
        "about",
        "speakers",
        "schedule",
        "testimonials",
        "sponsors",
        "faq",
      ]
    }
  />
  <_default>
    <section
      css={
        Object {
          "@media(max-width: 820px)": Object {
            "display": "block",
            "textAlign": "center",
          },
          "display": "grid",
          "gridTemplateColumns": "auto 1fr",
        }
      }
    >
      <div
        css={
          Object {
            "@media (min-width: 821px) and (max-width: 1200px)": Object {
              "paddingRight": "50px",
            },
            "@media(min-width: 1200px)": Object {
              "paddingRight": "50px",
            },
            "paddingTop": "115px",
          }
        }
      >
        <img
          alt="QHacks Crown"
          css={
            Object {
              "@media(max-width: 820px)": Object {
                "display": "none",
              },
            }
          }
          data-cy="qhacks-crown"
          src="test-file-stub"
          width="170px"
        />
        <img
          alt="QHacks Illustration"
          css={
            Object {
              "@media(min-width: 821px)": Object {
                "display": "none",
              },
              "maxWidth": "350px",
              "width": "75vw",
            }
          }
          src="test-file-stub"
        />
        <br />
        <img
          alt="QHacks Wordmark"
          css={
            Object {
              "@media(max-width: 820px)": Object {
                "paddingBottom": "8px",
                "paddingTop": "12px",
                "width": "192px",
              },
              "maxWidth": "300px",
              "paddingBottom": "24px",
              "paddingTop": "72px",
              "width": "100vw",
            }
          }
          data-cy="qhacks-wordmark"
          src="test-file-stub"
        />
        <h2
          css={
            Object {
              "@media(max-width: 820px)": Object {
                "paddingBottom": "24px",
              },
              "color": "#00205b",
              "fontSize": "22px",
              "fontWeight": 600,
              "paddingBottom": "40px",
            }
          }
          data-cy="qhacks-information"
        >
          Queen’s University • February 1-3, 2019
        </h2>
        <img
          alt="MLH Logo"
          css={
            Object {
              "@media(max-width: 820px)": Object {
                "width": "132px",
              },
              "width": "189px",
            }
          }
          data-cy="mlh-banner"
          src="test-file-stub"
        />
        <h2
          css={
            Object {
              "@media(max-width: 820px)": Object {
                "fontSize": "15px",
                "lineHeight": "1.6",
                "paddingTop": "24px",
              },
              "color": "#575757",
              "fontWeight": 500,
              "lineHeight": "30px",
              "paddingTop": "40px",
            }
          }
          data-cy="qhacks-tagline"
        >
          Canada’s largest hardware hackathon. 
          <br />
          Join us for an unforgettable experience.
        </h2>
        <ActionButton
          backgroundColor="#ffffff"
          dataCy="login-button"
          disabled={true}
          foregroundColor="#00205b"
          style={
            Object {
              "@media(max-width: 820px)": Object {
                "margin": "45px auto",
              },
              "margin": "24px 0 100px 0",
              "opacity": "0",
            }
          }
          type="rounded"
        >
          Login
        </ActionButton>
      </div>
      <div
        css={
          Object {
            "@media(max-width: 820px)": Object {
              "display": "none",
            },
            "alignItems": "center",
            "display": "flex",
            "position": "relative",
            "textAlign": "right",
          }
        }
      >
        <img
          alt="QHacks Illustration"
          css={
            Object {
              "width": "100%",
            }
          }
          src="test-file-stub"
        />
      </div>
    </section>
  </_default>
</div>
`;
