// Jest Snapshot v1, https://goo.gl/fbAQLP

exports[`SpeakerCardTextToggle renders correctly 1`] = `
<div>
  <button
    css={
      Object {
        "background": "none",
        "border": "none",
        "color": "#00205b",
        "cursor": "default",
        "fontSize": "16px",
        "fontWeight": "bold",
        "textTransform": "uppercase",
        "transition": "1s",
      }
    }
    onClick={[Function]}
  >
    focused!
  </button>
</div>
`;
