// Jest Snapshot v1, https://goo.gl/fbAQLP

exports[`SpeakerCard renders correctly 1`] = `
<div
  css={
    Object {
      "marginLeft": "auto",
      "marginRight": "auto",
      "maxWidth": "600px",
      "paddingBottom": "112px",
    }
  }
>
  <div
    css={
      Object {
        "borderRadius": "8px",
        "boxShadow": "0 4px 24px 0 rgba(185, 185, 185, 0.5)",
        "marginLeft": "13px",
        "marginRight": "13px",
      }
    }
  >
    <div
      css={
        Object {
          "borderTopLeftRadius": "inherit",
          "borderTopRightRadius": "inherit",
          "overflow": "hidden",
        }
      }
    >
      <img
        css={
          Object {
            "borderTopLeftRadius": "inherit",
            "borderTopRightRadius": "inherit",
            "filter": "blur(0px)",
            "marginBottom": "0px",
            "transition": "1s",
            "width": "100%",
          }
        }
        src="coolpic.png"
        width="100%"
      />
    </div>
    <div
      css={
        Object {
          "backgroundColor": "#f8f8f8",
          "lineHeight": "20px",
          "overflow": "hidden",
          "padding": "16px 24px 24px 24px",
          "position": "relative",
        }
      }
    >
      <h3>
        Matthew Zeiler
      </h3>
      <h2
        css={
          Object {
            "fontWeight": 500,
            "paddingTop": "8px",
          }
        }
      >
        Founder and CEO of Clarifai
      </h2>
      <div
        css={
          Object {
            "textOverflow": "hidden",
          }
        }
      >
        <p
          css={
            Object {
              "lineHeight": "20px",
              "marginBottom": "-200px",
              "paddingBottom": "36px",
              "paddingTop": "24px",
              "textOverflow": "hidden",
              "transition": "1s",
            }
          }
        >
          Matthew is a machine learning Ph.D. and thought leader pioneering the field of applied artificial intelligence (AI). Matt's groundbreaking research in computer vision has propelled the image recognition industry from theory to real-world application. Matthew is a machine learning Ph.D. and thought leader pioneering the field of applied artificial intelligence (AI). Matt's groundbreaking research in computer vision has propelled the image recognition industry from theory to real-world application. Matthew is a machine learning Ph.D. and thought leader pioneering the field of applied artificial intelligence (AI). Matt's groundbreaking research in computer vision has propelled the image recognition industry from theory to real-world application. Matthew is a machine learning Ph.D. and ya.
        </p>
      </div>
    </div>
    <div
      css={
        Object {
          "paddingBottom": "24px",
          "paddingLeft": "24px",
          "paddingTop": "36px",
        }
      }
    >
      <SpeakerCardTextToggle
        defaultText="learn more"
        focused={false}
        focusedText="show less"
        onClick={[Function]}
      />
    </div>
  </div>
</div>
`;
