// Jest Snapshot v1, https://goo.gl/fbAQLP

exports[`Header renders correctly 1`] = `
<div>
  <div
    css={
      Object {
        "@media(min-width:860px)": Object {
          "backgroundColor": "rgba(0,0,0,0)",
        },
        "backgroundColor": "#ffffff",
        "opacity": "0.8",
        "position": "fixed",
        "top": "0px",
        "transition": "0.5s",
        "width": "100vw",
        "zIndex": "3",
      }
    }
  >
    <_default>
      <div
        css={
          Object {
            "@media(max-width:860px)": Object {
              "display": "grid",
              "gridTemplateColumns": "auto auto",
            },
          }
        }
      >
        <Menu
          imgCss={false}
          menuItems={
            Array [
              "b1",
              "b2",
              "b3",
            ]
          }
        />
        <MobileMenu
          isMenuVisible={false}
          menuItems={
            Array [
              "b1",
              "b2",
              "b3",
            ]
          }
          toggleMenu={[Function]}
        />
      </div>
    </_default>
  </div>
</div>
`;
