// Jest Snapshot v1, https://goo.gl/fbAQLP

exports[`DaySwitcher renders correctly 1`] = `
<ul
  data-css-1ibitnz=""
>
  <li
    className="selectedDay dayItem"
    key="2019-02-01"
    onClick={[Function]}
  >
    Day 
    1
  </li>
  <li
    className="dayItem"
    key="2019-02-02"
    onClick={[Function]}
  >
    Day 
    2
  </li>
  <li
    className="dayItem"
    key="2019-02-03"
    onClick={[Function]}
  >
    Day 
    3
  </li>
  <li
    css={
      Object {
        "backgroundColor": "#C81C2E",
        "borderRadius": "44px",
        "height": "44px",
        "left": "0%",
        "position": "absolute",
        "top": 0,
        "transition": "left 0.8s ease",
        "width": "33.333%",
        "zIndex": 1,
      }
    }
    role="none presentation"
  />
</ul>
`;
