// Jest Snapshot v1, https://goo.gl/fbAQLP

exports[`EventScheduleFullSizeTable renders correctly 1`] = `
<table
  data-css-1o8yid1=""
>
  <tbody>
    <tr
      css={
        Object {
          "backgroundColor": "#C81C2E",
          "color": "white",
        }
      }
    >
      <th>
        Time
      </th>
      <th>
        Duration
      </th>
      <th>
        Event
      </th>
      <th>
        Location
      </th>
    </tr>
    <tr
      css={
        Object {
          "backgroundColor": "#F6F6F6",
        }
      }
      key="Busses arrive/registration 2019-02-01T17:00:00"
    >
      <td>
        5:00 PM
      </td>
      <td>
        3 hrs
      </td>
      <td>
        Busses arrive/registration
      </td>
      <td>
        Kingston Hall
      </td>
    </tr>
    <tr
      css={
        Object {
          "backgroundColor": "#F6F6F6",
        }
      }
      key="Dinner - Presented by iGan Partners (Sandwiches) 2019-02-01T17:00:00"
    >
      <td>
        5:00 PM
      </td>
      <td>
        3 hrs
      </td>
      <td>
        Dinner - Presented by iGan Partners (Sandwiches)
      </td>
      <td>
        Kingston Hall
      </td>
    </tr>
    <tr
      css={
        Object {
          "backgroundColor": "#F6F6F6",
        }
      }
      key="Opening Ceremonies 2019-02-01T20:00:00"
    >
      <td>
        8:00 PM
      </td>
      <td>
        2 hrs
      </td>
      <td>
        Opening Ceremonies
      </td>
      <td>
        Kingston Hall
      </td>
    </tr>
    <tr
      css={
        Object {
          "backgroundColor": "#F6F6F6",
        }
      }
      key="Team Formation 2019-02-01T22:00:00"
    >
      <td>
        10:00 PM
      </td>
      <td>
        30 mins
      </td>
      <td>
        Team Formation
      </td>
      <td>
        BioSci Auditorium
      </td>
    </tr>
    <tr
      css={
        Object {
          "backgroundColor": "#F6F6F6",
        }
      }
      key="Hacking Begins 2019-02-01T22:00:00"
    >
      <td>
        10:00 PM
      </td>
      <td>
        36 hrs
      </td>
      <td>
        Hacking Begins
      </td>
      <td />
    </tr>
    <tr
      css={
        Object {
          "backgroundColor": "#F6F6F6",
        }
      }
      key="Shipping Products Fast: How to Build Fully-Fledged APIs and Services in minutes using StdLib 2019-02-01T23:00:00"
    >
      <td>
        11:00 PM
      </td>
      <td>
        1 hr
      </td>
      <td>
        Shipping Products Fast: How to Build Fully-Fledged APIs and Services in minutes using StdLib
      </td>
      <td>
        Walter Light Hall - Room 210
      </td>
    </tr>
    <tr
      css={
        Object {
          "backgroundColor": "#F6F6F6",
        }
      }
      key="Midnight Snack (Noodles) - Provided by StdLib 2019-02-02T00:00:00"
    >
      <td>
        12:00 AM
      </td>
      <td>
        1 hr
      </td>
      <td>
        Midnight Snack (Noodles) - Provided by StdLib
      </td>
      <td>
        Walter Light Hall Atrium
      </td>
    </tr>
    <tr
      css={
        Object {
          "backgroundColor": "#F6F6F6",
        }
      }
      key="Adding Image and Voice Intelligence to Your Apps with Microsoft Cognitive Services 2019-02-02T00:00:00"
    >
      <td>
        12:00 AM
      </td>
      <td>
        1 hr
      </td>
      <td>
        Adding Image and Voice Intelligence to Your Apps with Microsoft Cognitive Services
      </td>
      <td>
        Goodwin Hall - Room 254
      </td>
    </tr>
    <tr
      css={
        Object {
          "backgroundColor": "#F6F6F6",
        }
      }
      key="Getting Started With Computer Vision Using Clarifai 2019-02-02T00:30:00"
    >
      <td>
        12:30 AM
      </td>
      <td>
        30 mins
      </td>
      <td>
        Getting Started With Computer Vision Using Clarifai
      </td>
      <td>
        Walter Light Hall - Room 210
      </td>
    </tr>
    <tr
      css={
        Object {
          "backgroundColor": "#F6F6F6",
        }
      }
      key="Hardware Opens 2019-02-02T01:00:00"
    >
      <td>
        1:00 AM
      </td>
      <td>
        1 hr
      </td>
      <td>
        Hardware Opens
      </td>
      <td>
        ILC Design Bay
      </td>
    </tr>
    <tr
      css={
        Object {
          "backgroundColor": "#F6F6F6",
        }
      }
      key="Slideshow Karaoke 2019-02-02T01:00:00"
    >
      <td>
        1:00 AM
      </td>
      <td>
        1 hr
      </td>
      <td>
        Slideshow Karaoke
      </td>
      <td>
        Walter Light Hall - Room 210
      </td>
    </tr>
    <tr
      css={
        Object {
          "backgroundColor": "#F6F6F6",
        }
      }
      key="Snack (Bubble Tea) 2019-02-03T00:00:00"
    >
      <td>
        12:00 AM
      </td>
      <td>
        1 hr
      </td>
      <td>
        Snack (Bubble Tea)
      </td>
      <td>
        Walter Light Hall Auditorium
      </td>
    </tr>
    <tr
      css={
        Object {
          "backgroundColor": "#F6F6F6",
        }
      }
      key="Escape Room 2019-02-03T01:00:00"
    >
      <td>
        1:00 AM
      </td>
      <td>
        1 hr
      </td>
      <td>
        Escape Room
      </td>
      <td>
        ILC - Room 119
      </td>
    </tr>
    <tr
      css={
        Object {
          "backgroundColor": "#F6F6F6",
        }
      }
      key="Breakfast 2019-02-03T07:30:00"
    >
      <td>
        7:30 AM
      </td>
      <td>
        1 hr
      </td>
      <td>
        Breakfast
      </td>
      <td>
        ILC - Room 109
      </td>
    </tr>
    <tr
      css={
        Object {
          "backgroundColor": "#F6F6F6",
        }
      }
      key="Hacking Ends 2019-02-03T09:00:00"
    >
      <td>
        9:00 AM
      </td>
      <td>
        1 hr
      </td>
      <td>
        Hacking Ends
      </td>
      <td />
    </tr>
    <tr
      css={
        Object {
          "backgroundColor": "#F6F6F6",
        }
      }
      key="Closing Ceremonies 2019-02-03T13:00:00"
    >
      <td>
        1:00 PM
      </td>
      <td>
        2 hrs
      </td>
      <td>
        Closing Ceremonies
      </td>
      <td>
        Kingston Hall
      </td>
    </tr>
  </tbody>
</table>
`;
