// Jest Snapshot v1, https://goo.gl/fbAQLP

exports[`MobileMenu renders correctly 1`] = `
<div
  align="right"
  css={
    Object {
      "@media(min-width: 820px)": Object {
        "display": "none",
      },
      "marginLeft": "auto",
      "padding": "32px",
    }
  }
>
  <img
    css={
      Object {
        "height": "24px",
        "width": "32px",
      }
    }
    src="test-file-stub"
  />
  <div
    className=""
    css={
      Object {
        "background": "#11213f",
        "display": "none",
        "height": "100vh",
        "left": "0px",
        "overflow": "hidden",
        "position": "fixed",
        "top": "0px",
        "width": "100vw",
        "zIndex": "4",
      }
    }
  >
    <img
      align="right"
      css={
        Object {
          "padding": "32px",
        }
      }
      src="test-file-stub"
    />
    <div
      css={
        Object {
          "color": "white",
          "display": "grid",
          "gridTemplateColumns": "1fr",
          "marginTop": "100px",
        }
      }
    >
      <div
        css={
          Object {
            " a": Object {
              ":hover": Object {
                "color": "#fedb01",
              },
              "color": "white",
              "textTransform": "uppercase",
            },
            "marginLeft": "auto",
            "marginRight": "auto",
            "textAlign": "center",
          }
        }
      >
        <div>
          <img
            css={
              Object {
                "paddingBottom": "11px",
              }
            }
            src="test-file-stub"
          />
        </div>
        <div
          css={
            Object {
              "paddingBottom": "52px",
            }
          }
        >
          <img
            height="34.8px"
            src="test-file-stub"
            width="134px"
          />
        </div>
        <div
          css={
            Object {
              "paddingBottom": "24px",
            }
          }
          key="I"
        >
          <a
            href="#I"
          >
            I
          </a>
        </div>
        <div
          css={
            Object {
              "paddingBottom": "24px",
            }
          }
          key="LOVE"
        >
          <a
            href="#LOVE"
          >
            LOVE
          </a>
        </div>
        <div
          css={
            Object {
              "paddingBottom": "24px",
            }
          }
          key="SnApShOtS"
        >
          <a
            href="#SnApShOtS"
          >
            SnApShOtS
          </a>
        </div>
        <div>
          <img
            src="test-file-stub"
          />
        </div>
      </div>
    </div>
  </div>
</div>
`;
